Release 14.7 - xst P.20131013 (lin64)
Copyright (c) 1995-2013 Xilinx, Inc.  All rights reserved.
--> 
Parameter TMPDIR set to xst/projnav.tmp


Total REAL time to Xst completion: 0.00 secs
Total CPU time to Xst completion: 0.06 secs
 
--> 
Parameter xsthdpdir set to xst


Total REAL time to Xst completion: 0.00 secs
Total CPU time to Xst completion: 0.06 secs
 
--> 
Reading design: top.prj

TABLE OF CONTENTS
  1) Synthesis Options Summary
  2) HDL Compilation
  3) Design Hierarchy Analysis
  4) HDL Analysis
  5) HDL Synthesis
     5.1) HDL Synthesis Report
  6) Advanced HDL Synthesis
     6.1) Advanced HDL Synthesis Report
  7) Low Level Synthesis
  8) Partition Report
  9) Final Report
	9.1) Device utilization summary
	9.2) Partition Resource Summary
	9.3) TIMING REPORT


=========================================================================
*                      Synthesis Options Summary                        *
=========================================================================
---- Source Parameters
Input File Name                    : "top.prj"
Input Format                       : mixed
Ignore Synthesis Constraint File   : NO

---- Target Parameters
Output File Name                   : "top"
Output Format                      : NGC
Target Device                      : xc3s1200e-4-fg320

---- Source Options
Top Module Name                    : top
Automatic FSM Extraction           : YES
FSM Encoding Algorithm             : Auto
Safe Implementation                : No
FSM Style                          : LUT
RAM Extraction                     : Yes
RAM Style                          : Auto
ROM Extraction                     : Yes
Mux Style                          : Auto
Decoder Extraction                 : YES
Priority Encoder Extraction        : Yes
Shift Register Extraction          : YES
Logical Shifter Extraction         : YES
XOR Collapsing                     : YES
ROM Style                          : Auto
Mux Extraction                     : Yes
Resource Sharing                   : YES
Asynchronous To Synchronous        : NO
Multiplier Style                   : Auto
Automatic Register Balancing       : No

---- Target Options
Add IO Buffers                     : YES
Global Maximum Fanout              : 100000
Add Generic Clock Buffer(BUFG)     : 24
Register Duplication               : YES
Slice Packing                      : YES
Optimize Instantiated Primitives   : NO
Use Clock Enable                   : Yes
Use Synchronous Set                : Yes
Use Synchronous Reset              : Yes
Pack IO Registers into IOBs        : Auto
Equivalent register Removal        : YES

---- General Options
Optimization Goal                  : Speed
Optimization Effort                : 1
Keep Hierarchy                     : No
Netlist Hierarchy                  : As_Optimized
RTL Output                         : Yes
Global Optimization                : AllClockNets
Read Cores                         : YES
Write Timing Constraints           : NO
Cross Clock Analysis               : NO
Hierarchy Separator                : /
Bus Delimiter                      : <>
Case Specifier                     : Maintain
Slice Utilization Ratio            : 100
BRAM Utilization Ratio             : 100
Verilog 2001                       : YES
Auto BRAM Packing                  : NO
Slice Utilization Ratio Delta      : 5

---- Other Options
Cores Search Directories           : {"ipcore_dir"  }

=========================================================================


=========================================================================
*                          HDL Compilation                              *
=========================================================================
Compiling vhdl file "/home/user/_WORKSPACE_/kedziorno/kcpsm3_vga/p_package1.vhd" in Library work.
Architecture p_package1 of Entity p_package1 is up to date.
Compiling vhdl file "/home/user/_WORKSPACE_/kedziorno/kcpsm3_vga/numeric_std.vhd" in Library work.
WARNING:HDLParsers:3350 - "/home/user/_WORKSPACE_/kedziorno/kcpsm3_vga/numeric_std.vhd" Line 878. Null range: 0 downto 1
WARNING:HDLParsers:3350 - "/home/user/_WORKSPACE_/kedziorno/kcpsm3_vga/numeric_std.vhd" Line 879. Null range: 0 downto 1
Architecture numeric_std of Entity numeric_std is up to date.
Compiling vhdl file "/home/user/_WORKSPACE_/kedziorno/kcpsm3_vga/lsfr.vhd" in Library work.
Architecture behavioral of Entity lsfr is up to date.
Compiling vhdl file "/home/user/_WORKSPACE_/kedziorno/kcpsm3_vga/vga_timing.vhd" in Library work.
Architecture industry_standard_640x480_timing of Entity vga_timing is up to date.
Compiling vhdl file "/home/user/_WORKSPACE_/kedziorno/kcpsm3_vga/vga_rgb.vhd" in Library work.
Architecture behavioral of Entity vga_rgb is up to date.
Compiling vhdl file "/home/user/_WORKSPACE_/kedziorno/kcpsm3_vga/ipcore_dir/ipcore_vga_ramb16_dp.vhd" in Library work.
Architecture ipcore_vga_ramb16_dp_a of Entity ipcore_vga_ramb16_dp is up to date.
Compiling vhdl file "/home/user/_WORKSPACE_/kedziorno/kcpsm3_vga/vga_colorbar.vhd" in Library work.
Entity <vga_colorbar> compiled.
Entity <vga_colorbar> (Architecture <mosaic>) compiled.
WARNING:HDLParsers:817 - "/home/user/_WORKSPACE_/kedziorno/kcpsm3_vga/vga_colorbar.vhd" Line 102. Choice .to. is not a locally static expression.
WARNING:HDLParsers:817 - "/home/user/_WORKSPACE_/kedziorno/kcpsm3_vga/vga_colorbar.vhd" Line 103. Choice .to. is not a locally static expression.
WARNING:HDLParsers:817 - "/home/user/_WORKSPACE_/kedziorno/kcpsm3_vga/vga_colorbar.vhd" Line 104. Choice .to. is not a locally static expression.
WARNING:HDLParsers:817 - "/home/user/_WORKSPACE_/kedziorno/kcpsm3_vga/vga_colorbar.vhd" Line 105. Choice .to. is not a locally static expression.
WARNING:HDLParsers:817 - "/home/user/_WORKSPACE_/kedziorno/kcpsm3_vga/vga_colorbar.vhd" Line 106. Choice .to. is not a locally static expression.
WARNING:HDLParsers:817 - "/home/user/_WORKSPACE_/kedziorno/kcpsm3_vga/vga_colorbar.vhd" Line 107. Choice .to. is not a locally static expression.
WARNING:HDLParsers:817 - "/home/user/_WORKSPACE_/kedziorno/kcpsm3_vga/vga_colorbar.vhd" Line 108. Choice .to. is not a locally static expression.
WARNING:HDLParsers:817 - "/home/user/_WORKSPACE_/kedziorno/kcpsm3_vga/vga_colorbar.vhd" Line 109. Choice .to. is not a locally static expression.
WARNING:HDLParsers:817 - "/home/user/_WORKSPACE_/kedziorno/kcpsm3_vga/vga_colorbar.vhd" Line 110. Choice .to. is not a locally static expression.
WARNING:HDLParsers:817 - "/home/user/_WORKSPACE_/kedziorno/kcpsm3_vga/vga_colorbar.vhd" Line 111. Choice .to. is not a locally static expression.
WARNING:HDLParsers:817 - "/home/user/_WORKSPACE_/kedziorno/kcpsm3_vga/vga_colorbar.vhd" Line 112. Choice .to. is not a locally static expression.
WARNING:HDLParsers:817 - "/home/user/_WORKSPACE_/kedziorno/kcpsm3_vga/vga_colorbar.vhd" Line 113. Choice .to. is not a locally static expression.
WARNING:HDLParsers:817 - "/home/user/_WORKSPACE_/kedziorno/kcpsm3_vga/vga_colorbar.vhd" Line 114. Choice .to. is not a locally static expression.
WARNING:HDLParsers:817 - "/home/user/_WORKSPACE_/kedziorno/kcpsm3_vga/vga_colorbar.vhd" Line 115. Choice .to. is not a locally static expression.
WARNING:HDLParsers:817 - "/home/user/_WORKSPACE_/kedziorno/kcpsm3_vga/vga_colorbar.vhd" Line 116. Choice .to. is not a locally static expression.
WARNING:HDLParsers:817 - "/home/user/_WORKSPACE_/kedziorno/kcpsm3_vga/vga_colorbar.vhd" Line 117. Choice .to. is not a locally static expression.
WARNING:HDLParsers:817 - "/home/user/_WORKSPACE_/kedziorno/kcpsm3_vga/vga_colorbar.vhd" Line 118. Choice .to. is not a locally static expression.
WARNING:HDLParsers:817 - "/home/user/_WORKSPACE_/kedziorno/kcpsm3_vga/vga_colorbar.vhd" Line 119. Choice .to. is not a locally static expression.
WARNING:HDLParsers:817 - "/home/user/_WORKSPACE_/kedziorno/kcpsm3_vga/vga_colorbar.vhd" Line 120. Choice .to. is not a locally static expression.
WARNING:HDLParsers:817 - "/home/user/_WORKSPACE_/kedziorno/kcpsm3_vga/vga_colorbar.vhd" Line 121. Choice .to. is not a locally static expression.
WARNING:HDLParsers:817 - "/home/user/_WORKSPACE_/kedziorno/kcpsm3_vga/vga_colorbar.vhd" Line 122. Choice .to. is not a locally static expression.
WARNING:HDLParsers:817 - "/home/user/_WORKSPACE_/kedziorno/kcpsm3_vga/vga_colorbar.vhd" Line 123. Choice .to. is not a locally static expression.
WARNING:HDLParsers:817 - "/home/user/_WORKSPACE_/kedziorno/kcpsm3_vga/vga_colorbar.vhd" Line 124. Choice .to. is not a locally static expression.
WARNING:HDLParsers:817 - "/home/user/_WORKSPACE_/kedziorno/kcpsm3_vga/vga_colorbar.vhd" Line 125. Choice .to. is not a locally static expression.
WARNING:HDLParsers:817 - "/home/user/_WORKSPACE_/kedziorno/kcpsm3_vga/vga_colorbar.vhd" Line 126. Choice .to. is not a locally static expression.
WARNING:HDLParsers:817 - "/home/user/_WORKSPACE_/kedziorno/kcpsm3_vga/vga_colorbar.vhd" Line 127. Choice .to. is not a locally static expression.
WARNING:HDLParsers:817 - "/home/user/_WORKSPACE_/kedziorno/kcpsm3_vga/vga_colorbar.vhd" Line 128. Choice .to. is not a locally static expression.
WARNING:HDLParsers:817 - "/home/user/_WORKSPACE_/kedziorno/kcpsm3_vga/vga_colorbar.vhd" Line 129. Choice .to. is not a locally static expression.
WARNING:HDLParsers:817 - "/home/user/_WORKSPACE_/kedziorno/kcpsm3_vga/vga_colorbar.vhd" Line 130. Choice .to. is not a locally static expression.
WARNING:HDLParsers:817 - "/home/user/_WORKSPACE_/kedziorno/kcpsm3_vga/vga_colorbar.vhd" Line 131. Choice .to. is not a locally static expression.
WARNING:HDLParsers:817 - "/home/user/_WORKSPACE_/kedziorno/kcpsm3_vga/vga_colorbar.vhd" Line 132. Choice .to. is not a locally static expression.
WARNING:HDLParsers:817 - "/home/user/_WORKSPACE_/kedziorno/kcpsm3_vga/vga_colorbar.vhd" Line 133. Choice .to. is not a locally static expression.
WARNING:HDLParsers:817 - "/home/user/_WORKSPACE_/kedziorno/kcpsm3_vga/vga_colorbar.vhd" Line 134. Choice .to. is not a locally static expression.
WARNING:HDLParsers:817 - "/home/user/_WORKSPACE_/kedziorno/kcpsm3_vga/vga_colorbar.vhd" Line 135. Choice .to. is not a locally static expression.
WARNING:HDLParsers:817 - "/home/user/_WORKSPACE_/kedziorno/kcpsm3_vga/vga_colorbar.vhd" Line 136. Choice .to. is not a locally static expression.
WARNING:HDLParsers:817 - "/home/user/_WORKSPACE_/kedziorno/kcpsm3_vga/vga_colorbar.vhd" Line 137. Choice .to. is not a locally static expression.
WARNING:HDLParsers:817 - "/home/user/_WORKSPACE_/kedziorno/kcpsm3_vga/vga_colorbar.vhd" Line 138. Choice .to. is not a locally static expression.
WARNING:HDLParsers:817 - "/home/user/_WORKSPACE_/kedziorno/kcpsm3_vga/vga_colorbar.vhd" Line 139. Choice .to. is not a locally static expression.
WARNING:HDLParsers:817 - "/home/user/_WORKSPACE_/kedziorno/kcpsm3_vga/vga_colorbar.vhd" Line 140. Choice .to. is not a locally static expression.
WARNING:HDLParsers:817 - "/home/user/_WORKSPACE_/kedziorno/kcpsm3_vga/vga_colorbar.vhd" Line 141. Choice .to. is not a locally static expression.
WARNING:HDLParsers:817 - "/home/user/_WORKSPACE_/kedziorno/kcpsm3_vga/vga_colorbar.vhd" Line 142. Choice .to. is not a locally static expression.
WARNING:HDLParsers:817 - "/home/user/_WORKSPACE_/kedziorno/kcpsm3_vga/vga_colorbar.vhd" Line 143. Choice .to. is not a locally static expression.
WARNING:HDLParsers:817 - "/home/user/_WORKSPACE_/kedziorno/kcpsm3_vga/vga_colorbar.vhd" Line 144. Choice .to. is not a locally static expression.
WARNING:HDLParsers:817 - "/home/user/_WORKSPACE_/kedziorno/kcpsm3_vga/vga_colorbar.vhd" Line 145. Choice .to. is not a locally static expression.
WARNING:HDLParsers:817 - "/home/user/_WORKSPACE_/kedziorno/kcpsm3_vga/vga_colorbar.vhd" Line 146. Choice .to. is not a locally static expression.
WARNING:HDLParsers:817 - "/home/user/_WORKSPACE_/kedziorno/kcpsm3_vga/vga_colorbar.vhd" Line 147. Choice .to. is not a locally static expression.
WARNING:HDLParsers:817 - "/home/user/_WORKSPACE_/kedziorno/kcpsm3_vga/vga_colorbar.vhd" Line 148. Choice .to. is not a locally static expression.
WARNING:HDLParsers:817 - "/home/user/_WORKSPACE_/kedziorno/kcpsm3_vga/vga_colorbar.vhd" Line 149. Choice .to. is not a locally static expression.
WARNING:HDLParsers:817 - "/home/user/_WORKSPACE_/kedziorno/kcpsm3_vga/vga_colorbar.vhd" Line 150. Choice .to. is not a locally static expression.
WARNING:HDLParsers:817 - "/home/user/_WORKSPACE_/kedziorno/kcpsm3_vga/vga_colorbar.vhd" Line 151. Choice .to. is not a locally static expression.
WARNING:HDLParsers:817 - "/home/user/_WORKSPACE_/kedziorno/kcpsm3_vga/vga_colorbar.vhd" Line 152. Choice .to. is not a locally static expression.
WARNING:HDLParsers:817 - "/home/user/_WORKSPACE_/kedziorno/kcpsm3_vga/vga_colorbar.vhd" Line 153. Choice .to. is not a locally static expression.
WARNING:HDLParsers:817 - "/home/user/_WORKSPACE_/kedziorno/kcpsm3_vga/vga_colorbar.vhd" Line 154. Choice .to. is not a locally static expression.
WARNING:HDLParsers:817 - "/home/user/_WORKSPACE_/kedziorno/kcpsm3_vga/vga_colorbar.vhd" Line 155. Choice .to. is not a locally static expression.
WARNING:HDLParsers:817 - "/home/user/_WORKSPACE_/kedziorno/kcpsm3_vga/vga_colorbar.vhd" Line 156. Choice .to. is not a locally static expression.
WARNING:HDLParsers:817 - "/home/user/_WORKSPACE_/kedziorno/kcpsm3_vga/vga_colorbar.vhd" Line 157. Choice .to. is not a locally static expression.
WARNING:HDLParsers:817 - "/home/user/_WORKSPACE_/kedziorno/kcpsm3_vga/vga_colorbar.vhd" Line 158. Choice .to. is not a locally static expression.
WARNING:HDLParsers:817 - "/home/user/_WORKSPACE_/kedziorno/kcpsm3_vga/vga_colorbar.vhd" Line 159. Choice .to. is not a locally static expression.
WARNING:HDLParsers:817 - "/home/user/_WORKSPACE_/kedziorno/kcpsm3_vga/vga_colorbar.vhd" Line 160. Choice .to. is not a locally static expression.
WARNING:HDLParsers:817 - "/home/user/_WORKSPACE_/kedziorno/kcpsm3_vga/vga_colorbar.vhd" Line 161. Choice .to. is not a locally static expression.
WARNING:HDLParsers:817 - "/home/user/_WORKSPACE_/kedziorno/kcpsm3_vga/vga_colorbar.vhd" Line 162. Choice .to. is not a locally static expression.
WARNING:HDLParsers:817 - "/home/user/_WORKSPACE_/kedziorno/kcpsm3_vga/vga_colorbar.vhd" Line 163. Choice .to. is not a locally static expression.
WARNING:HDLParsers:817 - "/home/user/_WORKSPACE_/kedziorno/kcpsm3_vga/vga_colorbar.vhd" Line 164. Choice .to. is not a locally static expression.
WARNING:HDLParsers:817 - "/home/user/_WORKSPACE_/kedziorno/kcpsm3_vga/vga_colorbar.vhd" Line 165. Choice .to. is not a locally static expression.
Entity <vga_colorbar> (Architecture <architecture_lsfr>) compiled.
Compiling vhdl file "/home/user/_WORKSPACE_/kedziorno/kcpsm3_vga/top.vhd" in Library work.
Architecture behavioral of Entity top is up to date.

=========================================================================
*                     Design Hierarchy Analysis                         *
=========================================================================
Analyzing hierarchy for entity <top> in library <work> (architecture <behavioral>).

Analyzing hierarchy for entity <vga_timing> in library <work> (architecture <industry_standard_640x480_timing>).

Analyzing hierarchy for entity <vga_rgb> in library <work> (architecture <behavioral>).

Analyzing hierarchy for entity <vga_colorbar> in library <work> (architecture <mosaic>) with generics.
	g_step_x = 8
	g_step_y = 8


=========================================================================
*                            HDL Analysis                               *
=========================================================================
Analyzing Entity <top> in library <work> (Architecture <behavioral>).
WARNING:Xst:1748 - "/home/user/_WORKSPACE_/kedziorno/kcpsm3_vga/numeric_std.vhd" line 3240: VHDL Assertion Statement with non constant condition is ignored.
WARNING:Xst:1748 - "/home/user/_WORKSPACE_/kedziorno/kcpsm3_vga/numeric_std.vhd" line 3240: VHDL Assertion Statement with non constant condition is ignored.
WARNING:Xst:1748 - "/home/user/_WORKSPACE_/kedziorno/kcpsm3_vga/numeric_std.vhd" line 3240: VHDL Assertion Statement with non constant condition is ignored.
WARNING:Xst:1748 - "/home/user/_WORKSPACE_/kedziorno/kcpsm3_vga/numeric_std.vhd" line 3240: VHDL Assertion Statement with non constant condition is ignored.
WARNING:Xst:1748 - "/home/user/_WORKSPACE_/kedziorno/kcpsm3_vga/numeric_std.vhd" line 3240: VHDL Assertion Statement with non constant condition is ignored.
WARNING:Xst:2211 - "/home/user/_WORKSPACE_/kedziorno/kcpsm3_vga/top.vhd" line 260: Instantiating black box module <ipcore_vga_ramb16_dp>.
Entity <top> analyzed. Unit <top> generated.

Analyzing Entity <vga_timing> in library <work> (Architecture <industry_standard_640x480_timing>).
Entity <vga_timing> analyzed. Unit <vga_timing> generated.

Analyzing Entity <vga_rgb> in library <work> (Architecture <behavioral>).
Entity <vga_rgb> analyzed. Unit <vga_rgb> generated.

Analyzing generic Entity <vga_colorbar> in library <work> (Architecture <mosaic>).
	g_step_x = 8
	g_step_y = 8
Entity <vga_colorbar> analyzed. Unit <vga_colorbar> generated.


=========================================================================
*                           HDL Synthesis                               *
=========================================================================

Performing bidirectional port resolution...

Synthesizing Unit <vga_timing>.
    Related source file is "/home/user/_WORKSPACE_/kedziorno/kcpsm3_vga/vga_timing.vhd".
    Found 1-bit register for signal <o_vsync>.
    Found 1-bit register for signal <o_hsync>.
    Found 10-bit up counter for signal <h_counter>.
    Found 10-bit comparator less for signal <o_h_blank$cmp_lt0000> created at line 106.
    Found 10-bit comparator greater for signal <o_hsync$cmp_gt0000> created at line 130.
    Found 10-bit comparator less for signal <o_hsync$cmp_lt0000> created at line 130.
    Found 10-bit comparator less for signal <o_v_blank$cmp_lt0000> created at line 110.
    Found 10-bit comparator greater for signal <o_vsync$cmp_gt0000> created at line 139.
    Found 10-bit comparator less for signal <o_vsync$cmp_lt0000> created at line 139.
    Found 10-bit up counter for signal <v_counter>.
    Summary:
	inferred   2 Counter(s).
	inferred   2 D-type flip-flop(s).
	inferred   6 Comparator(s).
Unit <vga_timing> synthesized.


Synthesizing Unit <vga_rgb>.
    Related source file is "/home/user/_WORKSPACE_/kedziorno/kcpsm3_vga/vga_rgb.vhd".
WARNING:Xst:647 - Input <i_reset> is never used. This port will be preserved and left unconnected if it belongs to a top-level block or it belongs to a sub-block and the hierarchy of this sub-block is preserved.
WARNING:Xst:647 - Input <i_clock> is never used. This port will be preserved and left unconnected if it belongs to a top-level block or it belongs to a sub-block and the hierarchy of this sub-block is preserved.
Unit <vga_rgb> synthesized.


Synthesizing Unit <vga_colorbar>.
    Related source file is "/home/user/_WORKSPACE_/kedziorno/kcpsm3_vga/vga_colorbar.vhd".
WARNING:Xst:647 - Input <i_address> is never used. This port will be preserved and left unconnected if it belongs to a top-level block or it belongs to a sub-block and the hierarchy of this sub-block is preserved.
    Found 64x6-bit ROM for signal <o_vga_color$rom0000> created at line 61.
    Found 6-bit register for signal <o_vga_color>.
    Found 6-bit register for signal <index_color>.
    Found 6-bit adder for signal <index_color$addsub0000> created at line 64.
    Summary:
	inferred   1 ROM(s).
	inferred  12 D-type flip-flop(s).
	inferred   1 Adder/Subtractor(s).
Unit <vga_colorbar> synthesized.


Synthesizing Unit <top>.
    Related source file is "/home/user/_WORKSPACE_/kedziorno/kcpsm3_vga/top.vhd".
WARNING:Xst:647 - Input <i_vga_clock> is never used. This port will be preserved and left unconnected if it belongs to a top-level block or it belongs to a sub-block and the hierarchy of this sub-block is preserved.
    Found 19-bit up counter for signal <i_all_pixels>.
    Found 31-bit adder for signal <I_VAL0$add0000> created at line 226.
    Found 31-bit adder for signal <I_VAL2$add0000> created at line 233.
    Found 1-bit register for signal <i_vga25<0>>.
    Found 7-bit up counter for signal <i_x>.
    Found 3-bit up counter for signal <i_x_step>.
    Found 6-bit up counter for signal <i_y>.
    Found 3-bit up counter for signal <i_y_step>.
    Found 31-bit adder for signal <RESULT0$addsub0000> created at line 3189.
    Found 31-bit adder for signal <RESULT0$addsub0001> created at line 3189.
    Found 31-bit adder for signal <RESULT0$addsub0002> created at line 3189.
    Found 31-bit adder for signal <RESULT0$addsub0003> created at line 3189.
    Found 31-bit adder for signal <RESULT0$addsub0004> created at line 3189.
    Found 31-bit adder for signal <RESULT0$addsub0005> created at line 3189.
    Found 31-bit adder for signal <RESULT0$addsub0006> created at line 3189.
    Found 31-bit adder for signal <RESULT0$addsub0007> created at line 3189.
    Found 31-bit adder for signal <RESULT0$addsub0008> created at line 3189.
    Found 31-bit adder for signal <RESULT0$addsub0009> created at line 3189.
    Found 31-bit adder for signal <RESULT0$addsub0010> created at line 3189.
    Found 31-bit adder for signal <RESULT0$addsub0011> created at line 3189.
    Found 31-bit adder for signal <RESULT0$addsub0012> created at line 3189.
    Found 31-bit adder for signal <RESULT3$addsub0000> created at line 3189.
    Found 31-bit adder for signal <RESULT3$addsub0001> created at line 3189.
    Found 31-bit adder for signal <RESULT3$addsub0002> created at line 3189.
    Found 31-bit adder for signal <RESULT3$addsub0003> created at line 3189.
    Found 31-bit adder for signal <RESULT3$addsub0004> created at line 3189.
    Found 31-bit adder for signal <RESULT3$addsub0005> created at line 3189.
    Found 31-bit adder for signal <RESULT3$addsub0006> created at line 3189.
    Found 31-bit adder for signal <RESULT3$addsub0007> created at line 3189.
    Found 31-bit adder for signal <RESULT3$addsub0008> created at line 3189.
    Found 31-bit adder for signal <RESULT3$addsub0009> created at line 3189.
    Found 31-bit adder for signal <RESULT3$addsub0010> created at line 3189.
    Found 31-bit adder for signal <RESULT3$addsub0011> created at line 3189.
    Found 31-bit adder for signal <RESULT3$addsub0012> created at line 3189.
    Found 31-bit adder for signal <RESULT9$addsub0000> created at line 3189.
    Found 31-bit adder for signal <RESULT9$addsub0001> created at line 3189.
    Found 31-bit adder for signal <RESULT9$addsub0002> created at line 3189.
    Found 31-bit adder for signal <RESULT9$addsub0003> created at line 3189.
    Found 31-bit adder for signal <RESULT9$addsub0004> created at line 3189.
    Found 31-bit adder for signal <RESULT9$addsub0005> created at line 3189.
    Found 31-bit adder for signal <RESULT9$addsub0006> created at line 3189.
    Found 31-bit adder for signal <RESULT9$addsub0007> created at line 3189.
    Found 31-bit adder for signal <RESULT9$addsub0008> created at line 3189.
    Found 31-bit adder for signal <RESULT9$addsub0009> created at line 3189.
    Found 31-bit adder for signal <RESULT9$addsub0010> created at line 3189.
    Found 31-bit adder for signal <RESULT9$addsub0011> created at line 3189.
    Found 31-bit adder for signal <RESULT9$addsub0012> created at line 3189.
    Found 3-bit up counter for signal <row_index>.
    Found 14-bit register for signal <vga_address_step>.
    Found 14-bit register for signal <vga_address_step_temp>.
    Found 1-bit register for signal <vga_clock>.
    Summary:
	inferred   6 Counter(s).
	inferred  30 D-type flip-flop(s).
	inferred  41 Adder/Subtractor(s).
Unit <top> synthesized.


=========================================================================
HDL Synthesis Report

Macro Statistics
# ROMs                                                 : 1
 64x6-bit ROM                                          : 1
# Adders/Subtractors                                   : 42
 31-bit adder                                          : 41
 6-bit adder                                           : 1
# Counters                                             : 8
 10-bit up counter                                     : 2
 19-bit up counter                                     : 1
 3-bit up counter                                      : 3
 6-bit up counter                                      : 1
 7-bit up counter                                      : 1
# Registers                                            : 8
 1-bit register                                        : 4
 14-bit register                                       : 2
 6-bit register                                        : 2
# Comparators                                          : 6
 10-bit comparator greater                             : 2
 10-bit comparator less                                : 4

=========================================================================

=========================================================================
*                       Advanced HDL Synthesis                          *
=========================================================================

Reading core <ipcore_dir/ipcore_vga_ramb16_dp.ngc>.
Loading core <ipcore_vga_ramb16_dp> for timing and area information for instance <inst_ipcore_vga_ramb16_dp>.

Synthesizing (advanced) Unit <vga_colorbar>.
INFO:Xst:3034 - In order to maximize performance and save block RAM resources, the small ROM <Mrom_o_vga_color_rom0000> will be implemented on LUT. If you want to force its implementation on block, use option/constraint rom_style.
Unit <vga_colorbar> synthesized (advanced).

=========================================================================
Advanced HDL Synthesis Report

Macro Statistics
# ROMs                                                 : 1
 64x6-bit ROM                                          : 1
# Adders/Subtractors                                   : 42
 12-bit adder                                          : 1
 13-bit adder                                          : 3
 14-bit adder                                          : 5
 28-bit adder                                          : 30
 29-bit adder                                          : 2
 6-bit adder                                           : 1
# Counters                                             : 7
 10-bit up counter                                     : 2
 19-bit up counter                                     : 1
 3-bit up counter                                      : 3
 7-bit up counter                                      : 1
# Registers                                            : 44
 Flip-Flops                                            : 44
# Comparators                                          : 6
 10-bit comparator greater                             : 2
 10-bit comparator less                                : 4

=========================================================================

=========================================================================
*                         Low Level Synthesis                           *
=========================================================================
INFO:Xst:2146 - In block <top>, Counter <row_index> <i_y_step> are equivalent, XST will keep only <row_index>.

Optimizing unit <top> ...

Optimizing unit <vga_timing> ...

Optimizing unit <vga_colorbar> ...

Mapping all equations...
Building and optimizing final netlist ...
Found area constraint ratio of 100 (+ 5) on block top, actual ratio is 1.

Final Macro Processing ...

=========================================================================
Final Register Report

Macro Statistics
# Registers                                            : 96
 Flip-Flops                                            : 96

=========================================================================

=========================================================================
*                           Partition Report                            *
=========================================================================

Partition Implementation Status
-------------------------------

  No Partitions were found in this design.

-------------------------------

=========================================================================
*                            Final Report                               *
=========================================================================
Final Results
RTL Top Level Output File Name     : top.ngr
Top Level Output File Name         : top
Output Format                      : NGC
Optimization Goal                  : Speed
Keep Hierarchy                     : No

Design Statistics
# IOs                              : 14

Cell Usage :
# BELS                             : 358
#      GND                         : 2
#      INV                         : 13
#      LUT1                        : 57
#      LUT2                        : 49
#      LUT2_D                      : 3
#      LUT2_L                      : 1
#      LUT3                        : 15
#      LUT3_D                      : 12
#      LUT3_L                      : 9
#      LUT4                        : 62
#      LUT4_D                      : 3
#      LUT4_L                      : 1
#      MUXCY                       : 63
#      MUXF5                       : 3
#      VCC                         : 2
#      XORCY                       : 63
# FlipFlops/Latches                : 96
#      FDC                         : 11
#      FDCE                        : 63
#      FDE                         : 22
# RAMS                             : 6
#      RAMB16_S1_S1                : 6
# Clock Buffers                    : 2
#      BUFG                        : 1
#      BUFGP                       : 1
# IO Buffers                       : 12
#      IBUF                        : 1
#      OBUF                        : 11
=========================================================================

Device utilization summary:
---------------------------

Selected Device : 3s1200efg320-4 

 Number of Slices:                      115  out of   8672     1%  
 Number of Slice Flip Flops:             96  out of  17344     0%  
 Number of 4 input LUTs:                225  out of  17344     1%  
 Number of IOs:                          14
 Number of bonded IOBs:                  13  out of    250     5%  
 Number of BRAMs:                         6  out of     28    21%  
 Number of GCLKs:                         2  out of     24     8%  

---------------------------
Partition Resource Summary:
---------------------------

  No Partitions were found in this design.

---------------------------


=========================================================================
TIMING REPORT

NOTE: THESE TIMING NUMBERS ARE ONLY A SYNTHESIS ESTIMATE.
      FOR ACCURATE TIMING INFORMATION PLEASE REFER TO THE TRACE REPORT
      GENERATED AFTER PLACE-and-ROUTE.

Clock Information:
------------------
-----------------------------------+------------------------+-------+
Clock Signal                       | Clock buffer(FF name)  | Load  |
-----------------------------------+------------------------+-------+
i_cpu_clock                        | BUFGP                  | 8     |
vga_clock1                         | BUFG                   | 100   |
-----------------------------------+------------------------+-------+

Asynchronous Control Signals Information:
----------------------------------------
-----------------------------------+------------------------+-------+
Control Signal                     | Buffer(FF name)        | Load  |
-----------------------------------+------------------------+-------+
i_reset                            | IBUF                   | 74    |
-----------------------------------+------------------------+-------+

Timing Summary:
---------------
Speed Grade: -4

   Minimum period: 8.072ns (Maximum Frequency: 123.885MHz)
   Minimum input arrival time before clock: 7.453ns
   Maximum output required time after clock: 9.547ns
   Maximum combinational path delay: 8.928ns

Timing Detail:
--------------
All values displayed in nanoseconds (ns)

=========================================================================
Timing constraint: Default period analysis for Clock 'vga_clock1'
  Clock period: 8.072ns (frequency: 123.885MHz)
  Total number of paths / destination ports: 3211 / 260
-------------------------------------------------------------------------
Delay:               8.072ns (Levels of Logic = 6)
  Source:            inst_vga_timing/v_counter_6 (FF)
  Destination:       vga_address_step_temp_11 (FF)
  Source Clock:      vga_clock1 rising
  Destination Clock: vga_clock1 rising

  Data Path: inst_vga_timing/v_counter_6 to vga_address_step_temp_11
                                Gate     Net
    Cell:in->out      fanout   Delay   Delay  Logical Name (Net Name)
    ----------------------------------------  ------------
     FDCE:C->Q             4   0.591   0.762  inst_vga_timing/v_counter_6 (inst_vga_timing/v_counter_6)
     LUT2_D:I0->LO         1   0.704   0.104  inst_vga_timing/o_v_blank_SW0 (N93)
     LUT4:I3->O            1   0.704   0.424  inst_vga_timing/o_v_blank_1 (inst_vga_timing/o_v_blank)
     LUT4:I3->O           13   0.704   0.987  inst_vga_timing/o_blank (o_blank_OBUF)
     LUT4:I3->O           17   0.704   1.055  vga_address_step_next<0>2 (N17)
     LUT4:I3->O            1   0.704   0.000  vga_address_step_next<11>21 (vga_address_step_next<11>2)
     MUXF5:I1->O           1   0.321   0.000  vga_address_step_next<11>2_f5 (vga_address_step_next<11>)
     FDE:D                     0.308          vga_address_step_temp_11
    ----------------------------------------
    Total                      8.072ns (4.740ns logic, 3.332ns route)
                                       (58.7% logic, 41.3% route)

=========================================================================
Timing constraint: Default period analysis for Clock 'i_cpu_clock'
  Clock period: 2.470ns (frequency: 404.858MHz)
  Total number of paths / destination ports: 3 / 3
-------------------------------------------------------------------------
Delay:               2.470ns (Levels of Logic = 1)
  Source:            i_vga25_0 (FF)
  Destination:       i_vga25_0 (FF)
  Source Clock:      i_cpu_clock rising
  Destination Clock: i_cpu_clock rising

  Data Path: i_vga25_0 to i_vga25_0
                                Gate     Net
    Cell:in->out      fanout   Delay   Delay  Logical Name (Net Name)
    ----------------------------------------  ------------
     FDC:C->Q              2   0.591   0.447  i_vga25_0 (i_vga25_0)
     INV:I->O              1   0.704   0.420  i_vga25_0_mux00001_INV_0 (i_vga25_0_mux0000)
     FDC:D                     0.308          i_vga25_0
    ----------------------------------------
    Total                      2.470ns (1.603ns logic, 0.867ns route)
                                       (64.9% logic, 35.1% route)

=========================================================================
Timing constraint: Default OFFSET IN BEFORE for Clock 'vga_clock1'
  Total number of paths / destination ports: 108 / 88
-------------------------------------------------------------------------
Offset:              7.453ns (Levels of Logic = 5)
  Source:            i_reset (PAD)
  Destination:       vga_address_step_temp_11 (FF)
  Destination Clock: vga_clock1 rising

  Data Path: i_reset to vga_address_step_temp_11
                                Gate     Net
    Cell:in->out      fanout   Delay   Delay  Logical Name (Net Name)
    ----------------------------------------  ------------
     IBUF:I->O            78   1.218   1.452  i_reset_IBUF (i_reset_IBUF)
     LUT4:I0->O           13   0.704   0.987  inst_vga_timing/o_blank (o_blank_OBUF)
     LUT4:I3->O           17   0.704   1.055  vga_address_step_next<0>2 (N17)
     LUT4:I3->O            1   0.704   0.000  vga_address_step_next<11>21 (vga_address_step_next<11>2)
     MUXF5:I1->O           1   0.321   0.000  vga_address_step_next<11>2_f5 (vga_address_step_next<11>)
     FDE:D                     0.308          vga_address_step_temp_11
    ----------------------------------------
    Total                      7.453ns (3.959ns logic, 3.494ns route)
                                       (53.1% logic, 46.9% route)

=========================================================================
Timing constraint: Default OFFSET OUT AFTER for Clock 'vga_clock1'
  Total number of paths / destination ports: 72 / 11
-------------------------------------------------------------------------
Offset:              9.547ns (Levels of Logic = 5)
  Source:            inst_vga_timing/v_counter_6 (FF)
  Destination:       o_b<1> (PAD)
  Source Clock:      vga_clock1 rising

  Data Path: inst_vga_timing/v_counter_6 to o_b<1>
                                Gate     Net
    Cell:in->out      fanout   Delay   Delay  Logical Name (Net Name)
    ----------------------------------------  ------------
     FDCE:C->Q             4   0.591   0.762  inst_vga_timing/v_counter_6 (inst_vga_timing/v_counter_6)
     LUT2_D:I0->LO         1   0.704   0.104  inst_vga_timing/o_v_blank_SW0 (N93)
     LUT4:I3->O            1   0.704   0.424  inst_vga_timing/o_v_blank_1 (inst_vga_timing/o_v_blank)
     LUT4:I3->O           13   0.704   1.158  inst_vga_timing/o_blank (o_blank_OBUF)
     LUT2:I0->O            1   0.704   0.420  inst_vga_rgb/o_r_1_mux00001 (o_r_1_OBUF)
     OBUF:I->O                 3.272          o_r_1_OBUF (o_r<1>)
    ----------------------------------------
    Total                      9.547ns (6.679ns logic, 2.868ns route)
                                       (70.0% logic, 30.0% route)

=========================================================================
Timing constraint: Default path analysis
  Total number of paths / destination ports: 7 / 7
-------------------------------------------------------------------------
Delay:               8.928ns (Levels of Logic = 4)
  Source:            i_reset (PAD)
  Destination:       o_b<1> (PAD)

  Data Path: i_reset to o_b<1>
                                Gate     Net
    Cell:in->out      fanout   Delay   Delay  Logical Name (Net Name)
    ----------------------------------------  ------------
     IBUF:I->O            78   1.218   1.452  i_reset_IBUF (i_reset_IBUF)
     LUT4:I0->O           13   0.704   1.158  inst_vga_timing/o_blank (o_blank_OBUF)
     LUT2:I0->O            1   0.704   0.420  inst_vga_rgb/o_r_1_mux00001 (o_r_1_OBUF)
     OBUF:I->O                 3.272          o_r_1_OBUF (o_r<1>)
    ----------------------------------------
    Total                      8.928ns (5.898ns logic, 3.030ns route)
                                       (66.1% logic, 33.9% route)

=========================================================================


Total REAL time to Xst completion: 16.00 secs
Total CPU time to Xst completion: 15.76 secs
 
--> 


Total memory usage is 555956 kilobytes

Number of errors   :    0 (   0 filtered)
Number of warnings :   76 (   0 filtered)
Number of infos    :    2 (   0 filtered)

